free memory 1.34 GB
PASS    desktop · 구성도 · 열기(강의 다 마친 뒤) — {"h1":"구성도 다시 채우기","label":"TOPIC 1. 인칭"}
PASS    desktop · 구성도 다시 채우기(틀린 답 섞기) · 처음: 빈 칸 3 · 강의 칩 3(강의 순서와 다름) · '다음' 꺼짐 · 입력 칸 0 · 소리 단추 0 — {"boxes":["1번 칸: 비어 있음","2번 칸: 비어 있음","3번 칸: 비어 있음"],"chips":["1인칭","3인칭","2인칭"],"next":{"t":"다음","disabled":true},"progress":"0/3","inputs":0,"audioControls":0,"h1":"강의 놓기 강의 놓기 0 / 3 대주제의 강의를 순서대로 칸에 놓으세요. 강의 이름을 누르면 빈 칸에 들어가"}
PASS    desktop · 구성도 다시 채우기(틀린 답 섞기) · 놓은 칸 2 를 누름 → 빠짐 · 칩이 돌아옴 — 2번 칸: 1인칭 — 누르면 빠져요 → 2번 칸: 비어 있음 · 칩 1인칭 · 3인칭
PASS    desktop · 구성도 다시 채우기(틀린 답 섞기) · 강의 놓기: 2인칭 → 1인칭 → 3인칭 — {"boxes":["1번 칸: 2인칭 — 누르면 빠져요","2번 칸: 1인칭 — 누르면 빠져요","3번 칸: 3인칭 — 누르면 빠져요"],"chips":[],"next":{"t":"다음","disabled":false},"progress":"3/3"}
FAIL    desktop · 구성도 다시 채우기(틀린 답 섞기) · 칸 1 화면: 머리 '1. 2인칭' · 문법 설명 3 · 대표 문장 3(레슨 글 그대로 · 한국어 낱말은 한글) · 고르기 전 '다음 칸' 꺼짐 · 머리에 초점 — {"h2":"1. 2인칭","focus":"H2:1. 2인칭","progress":"1/3","rules":["나 · 너 말고 다른 사람과 물건: he · she · it · they","말하는 나는 I, 나를 포함한 우리는 we","듣는 사람은 한 명이든 여러 명이든 you"],"sentences":["You are a student.","He is 대한.","My name is 홍길동, and I live in 서울."],"next":{"t":"다음 칸","disabled":true}}
PASS    desktop · 구성도 다시 채우기(틀린 답 섞기) · 칸 1: 문법 설명 '듣는 사람은 한 명이든 여러 명이든 you' · 대표 문장 'You are a student.' — {"rulesOn":["듣는 사람은 한 명이든 여러 명이든 you"],"sentencesOn":["You are a student."],"afterOne":{"t":"다음 칸","disabled":true},"afterTwo":{"t":"다음 칸","disabled":false}}
FAIL    desktop · 구성도 다시 채우기(틀린 답 섞기) · 칸 2 화면: 머리 '2. 1인칭' · 문법 설명 3 · 대표 문장 3(레슨 글 그대로 · 한국어 낱말은 한글) · 고르기 전 '다음 칸' 꺼짐 · 머리에 초점 — {"h2":"2. 1인칭","focus":"H2:2. 1인칭","progress":"2/3","rules":["나 · 너 말고 다른 사람과 물건: he · she · it · they","말하는 나는 I, 나를 포함한 우리는 we","듣는 사람은 한 명이든 여러 명이든 you"],"sentences":["You are a student.","He is 대한.","My name is 홍길동, and I live in 서울."],"next":{"t":"다음 칸","disabled":true}}
PASS    desktop · 구성도 다시 채우기(틀린 답 섞기) · 칸 2: 문법 설명 '말하는 나는 I, 나를 포함한 우리는 we' · 대표 문장 'He is 대한.' (일부러 틀림) — {"rulesOn":["말하는 나는 I, 나를 포함한 우리는 we"],"sentencesOn":["He is 대한."],"afterOne":{"t":"다음 칸","disabled":true},"afterTwo":{"t":"다음 칸","disabled":false}}
PASS    desktop · 구성도 다시 채우기(틀린 답 섞기) · 칸 2 에서 '이전' → 칸 1 · 고른 것 남음 → '다음 칸' 으로 칸 2(고른 것 남음) — {"box":"1","h2":"1. 2인칭","rulesOn":["듣는 사람은 한 명이든 여러 명이든 you"],"sentencesOn":["You are a student."]}
PASS    desktop · 구성도 다시 채우기(틀린 답 섞기) · 다시 칸 2 — {"box":"2","rulesOn":1,"sentencesOn":1}
FAIL    desktop · 구성도 다시 채우기(틀린 답 섞기) · 칸 3 화면: 머리 '3. 3인칭' · 문법 설명 3 · 대표 문장 3(레슨 글 그대로 · 한국어 낱말은 한글) · 고르기 전 '결과 보기' 꺼짐 · 머리에 초점 — {"h2":"3. 3인칭","focus":"H2:3. 3인칭","progress":"3/3","rules":["나 · 너 말고 다른 사람과 물건: he · she · it · they","말하는 나는 I, 나를 포함한 우리는 we","듣는 사람은 한 명이든 여러 명이든 you"],"sentences":["You are a student.","My name is 홍길동, and I live in 서울.","He is 대한."],"next":{"t":"결과 보기","disabled":true}}
PASS    desktop · 구성도 다시 채우기(틀린 답 섞기) · 칸 3: 문법 설명 '나 · 너 말고 다른 사람과 물건: he · she · it · they' · 대표 문장 'He is 대한.' — {"rulesOn":["나 · 너 말고 다른 사람과 물건: he · she · it · they"],"sentencesOn":["He is 대한."],"afterOne":{"t":"결과 보기","disabled":true},"afterTwo":{"t":"결과 보기","disabled":false}}
FAIL    desktop · 구성도 다시 채우기(틀린 답 섞기) · 결과(칸마다 맞음/틀림 · 틀린 칸은 놓은 강의 · 바른 문장) — {"text":"구성도 결과 칸 3개 중 1개를 맞혔어요. 틀림: 1. 1인칭 놓은 강의: 2인칭 틀림: 2. 2인칭 놓은 강의: 1인칭 1인칭의 대표 문장: My name is 홍길동, and I live in 서울. 맞음: 3. 3인칭 기록했어요. 틀린 칸의 강의(1인칭 · 2인칭) 문항은 내일부터 복습에 다시 나와요. 다시 하기 과정 목록으로","results":[{"r":"missed","t":"틀림: 1. 1인칭 놓은 강의: 2인칭"},{"r":"missed","t":"틀림: 2. 2인칭 놓은 강의: 1인칭 1인칭의 대표 문장: My name is 홍길동, and I live in 서울."},{"r":"ok","t":"맞음: 3. 3인칭"}],"focus":"H2:구성도 결과"}
PASS    desktop · 구성도 다시 채우기(틀린 답 섞기) · 기록(서버) · 저장 요청 상태 — {"saved":"기록했어요.","notTaken":null,"alert":null,"net":["POST /api/learning/passoff-grammar 200 +211ms","POST /api/progress/passoff-grammar 200 +546ms"]}
PASS    desktop · 구성도 다시 채우기(틀린 답 섞기) · 틀린 칸 강의 복습 안내 — {"forward":"틀린 칸의 강의(1인칭 · 2인칭) 문항은 내일부터 복습에 다시 나와요.","learningPosts":["POST /api/learning/passoff-grammar 200 +211ms"]}
FAIL    desktop · 구성도 다시 채우기(틀린 답 섞기) · 소리 — 소리 단추 0 · 재생 요청 1
NA      desktop · 구성도 다시 채우기(틀린 답 섞기) · 한글로 쓴 답 — 입력 칸 0 · 3인칭 대표 문장 보기 'He is 대한.' (레슨 원문 'He is Daehan.')
PASS    desktop · 구성도 다시 채우기(틀린 답 섞기) · 화면 5곳(놓기(처음) · 칸 1 · 칸 2 · 칸 3 · 결과): 넘침 · 잘린 글 · 새 글 · 오류 화면 · 44px 미만 누를 것 — 0 · 작은 누를 것 []
PASS    desktop · 구성도 다시 채우기(틀린 답 섞기) · 4xx/5xx · 콘솔 오류 · 예외 · 넘침 · 오류 화면 — 4xx/5xx 0 · 콘솔 0 · 예외 0 · 넘침 false · 오류 화면 false · 새 글(undefined 등) null
PASS    desktop · 구성도 다시 채우기(틀린 답 섞기) · 로마자 한국어 낱말 · 'Busan(부산)' 꼴 · 가짜 낱말(whens 등) — 로마자 0 · 가짜 낱말 0
PASS    desktop · GET /api/progress/passoff-grammar · 구성도 wrong 뒤 서버 진도(읽기만) — {"status":200,"completed":["pg01-1","pg01-2","pg01-3"],"everyTopicOpen":true,"mapRefillRequired":true,"topic1":{"completedCount":3,"requiredCount":3,"lastLessonCompleted":true,"mapRefilled":true,"unlocked":true},"topic2":{"unlocked":true,"mapRefilled":false,"completedCount":0}}
PASS    desktop · 구성도 다시 채우기 · '다시 하기' — {"stage":"place","boxes":["1번 칸: 비어 있음","2번 칸: 비어 있음","3번 칸: 비어 있음"],"chips":["1인칭","3인칭","2인칭"],"focus":"H2:강의 놓기"}
PASS    desktop · 구성도 다시 채우기(모두 맞는 답) · 처음: 빈 칸 3 · 강의 칩 3(강의 순서와 다름) · '다음' 꺼짐 · 입력 칸 0 · 소리 단추 0 — {"boxes":["1번 칸: 비어 있음","2번 칸: 비어 있음","3번 칸: 비어 있음"],"chips":["1인칭","3인칭","2인칭"],"next":{"t":"다음","disabled":true},"progress":"0/3","inputs":0,"audioControls":0,"h1":"강의 놓기 강의 놓기 0 / 3 대주제의 강의를 순서대로 칸에 놓으세요. 강의 이름을 누르면 빈 칸에 들어가"}
PASS    desktop · 구성도 다시 채우기(모두 맞는 답) · 강의 놓기: 1인칭 → 2인칭 → 3인칭 — {"boxes":["1번 칸: 1인칭 — 누르면 빠져요","2번 칸: 2인칭 — 누르면 빠져요","3번 칸: 3인칭 — 누르면 빠져요"],"chips":[],"next":{"t":"다음","disabled":false},"progress":"3/3"}
FAIL    desktop · 구성도 다시 채우기(모두 맞는 답) · 칸 1 화면: 머리 '1. 1인칭' · 문법 설명 3 · 대표 문장 3(레슨 글 그대로 · 한국어 낱말은 한글) · 고르기 전 '다음 칸' 꺼짐 · 머리에 초점 — {"h2":"1. 1인칭","focus":"H2:1. 1인칭","progress":"1/3","rules":["나 · 너 말고 다른 사람과 물건: he · she · it · they","말하는 나는 I, 나를 포함한 우리는 we","듣는 사람은 한 명이든 여러 명이든 you"],"sentences":["You are a student.","He is 대한.","My name is 홍길동, and I live in 서울."],"next":{"t":"다음 칸","disabled":true}}
FAIL    desktop · 구성도 다시 채우기(모두 맞는 답) · 칸 1: 문법 설명 '말하는 나는 I, 나를 포함한 우리는 we' · 대표 문장 'I have a nice family.' — {"rulesOn":["말하는 나는 I, 나를 포함한 우리는 we"],"sentencesOn":[],"afterOne":{"t":"다음 칸","disabled":true},"afterTwo":{"t":"다음 칸","disabled":true}}
FAIL    desktop · 구성도 다시 채우기(모두 맞는 답) · 칸 2 화면: 머리 '2. 2인칭' · 문법 설명 3 · 대표 문장 3(레슨 글 그대로 · 한국어 낱말은 한글) · 고르기 전 '다음 칸' 꺼짐 · 머리에 초점 — {"h2":"1. 1인칭","focus":"BODY:K‑IG 교육 올패스 검색 ⌘K ← PASS-OFF G","progress":"1/3","rules":["나 · 너 말고 다른 사람과 물건: he · she · it · they","말하는 나는 I, 나를 포함한 우리는 we","듣는 사람은 한 명이든 여러 명이든 you"],"sentences":["You are a student.","He is 대한.","My name is 홍길동, and I live in 서울."],"next":{"t":"다음 칸","disabled":true}}
PASS    desktop · 구성도 다시 채우기(모두 맞는 답) · 칸 2: 문법 설명 '듣는 사람은 한 명이든 여러 명이든 you' · 대표 문장 'You are a student.' — {"rulesOn":["듣는 사람은 한 명이든 여러 명이든 you"],"sentencesOn":["You are a student."],"afterOne":{"t":"다음 칸","disabled":true},"afterTwo":{"t":"다음 칸","disabled":false}}
FAIL    desktop · 구성도 다시 채우기(모두 맞는 답) · 칸 3 화면: 머리 '3. 3인칭' · 문법 설명 3 · 대표 문장 3(레슨 글 그대로 · 한국어 낱말은 한글) · 고르기 전 '결과 보기' 꺼짐 · 머리에 초점 — {"h2":"2. 2인칭","focus":"H2:2. 2인칭","progress":"2/3","rules":["나 · 너 말고 다른 사람과 물건: he · she · it · they","말하는 나는 I, 나를 포함한 우리는 we","듣는 사람은 한 명이든 여러 명이든 you"],"sentences":["You are a student.","He is 대한.","My name is 홍길동, and I live in 서울."],"next":{"t":"다음 칸","disabled":true}}
PASS    desktop · 구성도 다시 채우기(모두 맞는 답) · 칸 3: 문법 설명 '나 · 너 말고 다른 사람과 물건: he · she · it · they' · 대표 문장 'He is 대한.' — {"rulesOn":["나 · 너 말고 다른 사람과 물건: he · she · it · they"],"sentencesOn":["He is 대한."],"afterOne":{"t":"다음 칸","disabled":true},"afterTwo":{"t":"다음 칸","disabled":false}}
FAIL    desktop · 구성도 다시 채우기(모두 맞는 답) · 결과(칸마다 맞음/틀림 · 틀린 칸은 놓은 강의 · 바른 문장) — {"text":"칸 채우기 2 / 3 2. 2인칭 이 강의의 문법 설명 한 줄 나 · 너 말고 다른 사람과 물건: he · she · it · they 말하는 나는 I, 나를 포함한 우리는 we 듣는 사람은 한 명이든 여러 명이든 you 이 문법을 보여 주는 대표 문장 You are a student. He is 대한. My name is 홍길동, and I live in 서울. 이전 다음 칸","results":[],"focus":"BUTTON:He is 대한."}
FAIL    desktop · 구성도 다시 채우기(모두 맞는 답) · 기록(서버) · 저장 요청 상태 — {"saved":null,"notTaken":null,"alert":null,"net":[]}
PASS    desktop · 구성도 다시 채우기(모두 맞는 답) · 모두 맞으면 복습 안내 없음 — {"forward":null}
NA      desktop · 구성도 다시 채우기(모두 맞는 답) · 소리 — 소리 단추 0 · 재생 요청 0
NA      desktop · 구성도 다시 채우기(모두 맞는 답) · 한글로 쓴 답 — 입력 칸 0 · 3인칭 대표 문장 보기 'He is 대한.' (레슨 원문 'He is Daehan.')
PASS    desktop · 구성도 다시 채우기(모두 맞는 답) · 화면 5곳(놓기(처음) · 칸 1 · 칸 2 · 칸 3 · 결과): 넘침 · 잘린 글 · 새 글 · 오류 화면 · 44px 미만 누를 것 — 0 · 작은 누를 것 []
PASS    desktop · 구성도 다시 채우기(모두 맞는 답) · 4xx/5xx · 콘솔 오류 · 예외 · 넘침 · 오류 화면 — 4xx/5xx 0 · 콘솔 0 · 예외 0 · 넘침 false · 오류 화면 false · 새 글(undefined 등) null
PASS    desktop · 구성도 다시 채우기(모두 맞는 답) · 로마자 한국어 낱말 · 'Busan(부산)' 꼴 · 가짜 낱말(whens 등) — 로마자 0 · 가짜 낱말 0
PASS    desktop · GET /api/progress/passoff-grammar · 구성도 right 뒤 서버 진도(읽기만) — {"status":200,"completed":["pg01-1","pg01-2","pg01-3"],"everyTopicOpen":true,"mapRefillRequired":true,"topic1":{"completedCount":3,"requiredCount":3,"lastLessonCompleted":true,"mapRefilled":true,"unlocked":true},"topic2":{"unlocked":true,"mapRefilled":false,"completedCount":0}}
INFO    desktop · 기기 학습 기록(사본) · 구성도 뒤 요약(읽기만) — [{"which":"licence","lessons":{"pg01-1":"2026-10-04","pg01-2":"2026-10-04","pg01-3":"2026-10-04"},"items":58,"byLesson":{"pg01-1":22,"pg01-2":15,"pg01-3":21},"dueDays":{"2026-10-05":58},"wrongNow":0,"withLapses":0,"log":72,"logBy":{"lesson:lesson":72},"lastStudyDay":"2026-10-04"}]
끝: {"PASS":25,"FAIL":11,"NA":3,"INFO":1}
