STUDENT 문장 414 · 정답 꼴 451 · 강의 82
16낱말 이상 102 · 두 번에 나눔 101 · 통째로 둠 1 (s15-1 #2 (17))
한 번에 보이는 타일 최대: 나눈 문장의 한 부분 19 · 통째 문장 19 · 16개 넘는 부분 31
방해 낱말: 고정 목록에서 온 것 0 · 방해 낱말 없는 문장 1
첫 타일 대문자로 남음: I×89, I’m, Buddhists, Summer, Admiral, Koreans
내 정보 칸: 20문장 · 14강
받아쓰기에서 앱이 채우는 칸(괄호 자리표시) 2문장: s6-2 #3: (age) / s9-1 #3: (dog’s name)
   s1-2 #1: 홍길동 · 서울
   s1-2 #2: 한국
   s1-2 #3: 한국
   s1-2 #4: 11
   s2-2 #2: 4
   s2-5 #1: 한국
   s3-2 #3: 대한 · 민국
   s3-2 #5: 대한
   s4-3 #1: two · two
   s4-3 #2: two · two
   s4-4 #2: two · two
   s4-5 #1: 길동
   s6-1 #6: 태권도
   s6-2 #2: 홍
   s6-2 #3: (age)
   s6-3 #1: 강원도
   s8-3 #4: 불고기
   s9-1 #3: (dog’s name)
   s9-3 #5: Miracle · Fantastic
   s16-1 #1: Einstein
거꾸로 놓은 앞부분 오답 확인 414 · 틀린 첫 타일 뒤 힌트 확인 414

PASS — 모든 문장 · 모든 꼴이 부분 조립으로 판정기를 통과
