{
 "lessons": 67,
 "paidRestored": 12,
 "coverage": [
  {
   "topic": 1,
   "title": "인칭",
   "bookSentences": 40,
   "missing": 0,
   "issues": 27,
   "undecided": 0
  },
  {
   "topic": 2,
   "title": "동사의 현재형",
   "bookSentences": 34,
   "missing": 0,
   "issues": 15,
   "undecided": 0
  },
  {
   "topic": 3,
   "title": "문장의 기초",
   "bookSentences": 101,
   "missing": 0,
   "issues": 46,
   "undecided": 0
  },
  {
   "topic": 4,
   "title": "문장의 종류",
   "bookSentences": 47,
   "missing": 0,
   "issues": 17,
   "undecided": 0
  },
  {
   "topic": 5,
   "title": "의문문",
   "bookSentences": 57,
   "missing": 0,
   "issues": 11,
   "undecided": 0
  },
  {
   "topic": 6,
   "title": "명사",
   "bookSentences": 33,
   "missing": 0,
   "issues": 20,
   "undecided": 0
  },
  {
   "topic": 7,
   "title": "대명사",
   "bookSentences": 91,
   "missing": 0,
   "issues": 36,
   "undecided": 0
  },
  {
   "topic": 8,
   "title": "관계대명사",
   "bookSentences": 53,
   "missing": 0,
   "issues": 22,
   "undecided": 0
  },
  {
   "topic": 9,
   "title": "형용사",
   "bookSentences": 90,
   "missing": 0,
   "issues": 22,
   "undecided": 0
  },
  {
   "topic": 10,
   "title": "동사",
   "bookSentences": 35,
   "missing": 0,
   "issues": 30,
   "undecided": 0
  },
  {
   "topic": 11,
   "title": "시제",
   "bookSentences": 99,
   "missing": 0,
   "issues": 48,
   "undecided": 0
  },
  {
   "topic": 12,
   "title": "완료와 진행",
   "bookSentences": 50,
   "missing": 0,
   "issues": 29,
   "undecided": 0
  },
  {
   "topic": 13,
   "title": "준동사",
   "bookSentences": 89,
   "missing": 0,
   "issues": 36,
   "undecided": 0
  },
  {
   "topic": 14,
   "title": "태",
   "bookSentences": 54,
   "missing": 0,
   "issues": 10,
   "undecided": 0
  },
  {
   "topic": 15,
   "title": "화법",
   "bookSentences": 84,
   "missing": 0,
   "issues": 13,
   "undecided": 0
  },
  {
   "topic": 16,
   "title": "가정법",
   "bookSentences": 33,
   "missing": 0,
   "issues": 23,
   "undecided": 0
  },
  {
   "topic": 17,
   "title": "조동사",
   "bookSentences": 49,
   "missing": 0,
   "issues": 28,
   "undecided": 0
  },
  {
   "topic": 18,
   "title": "부사",
   "bookSentences": 86,
   "missing": 0,
   "issues": 25,
   "undecided": 0
  },
  {
   "topic": 19,
   "title": "전치사",
   "bookSentences": 140,
   "missing": 0,
   "issues": 56,
   "undecided": 0
  },
  {
   "topic": 20,
   "title": "접속사",
   "bookSentences": 69,
   "missing": 0,
   "issues": 27,
   "undecided": 0
  }
 ],
 "problems": 0,
 "warnings": 0
}
