LISTENING 새 문제 검사 1004 · https://k-ig-core.vercel.app · 문제 파일 276강 · 이번 276강 (1/1) · 화면 desktop · 포트 9991
PASS  d001 — 문항 2 · 글 같음 2/2 · 틀림 표시 2/2 · 맞음 2/2 · 2.8초
PASS  d002 — 문항 3 · 글 같음 3/3 · 틀림 표시 3/3 · 맞음 3/3 · 2초
PASS  d003 — 문항 3 · 글 같음 3/3 · 틀림 표시 3/3 · 맞음 3/3 · 2초
PASS  d004 — 문항 3 · 글 같음 3/3 · 틀림 표시 3/3 · 맞음 3/3 · 1.9초
PASS  d005 — 문항 3 · 글 같음 3/3 · 틀림 표시 3/3 · 맞음 3/3 · 1.9초
PASS  d006 — 문항 3 · 글 같음 3/3 · 틀림 표시 3/3 · 맞음 3/3 · 2초
PASS  d007 — 문항 3 · 글 같음 3/3 · 틀림 표시 3/3 · 맞음 3/3 · 1.9초
PASS  d008 — 문항 3 · 글 같음 3/3 · 틀림 표시 3/3 · 맞음 3/3 · 2초
PASS  d009 — 문항 3 · 글 같음 3/3 · 틀림 표시 3/3 · 맞음 3/3 · 2초
PASS  d010 — 문항 3 · 글 같음 3/3 · 틀림 표시 3/3 · 맞음 3/3 · 1.9초
PASS  d011 — 문항 3 · 글 같음 3/3 · 틀림 표시 3/3 · 맞음 3/3 · 1.9초
PASS  d012 — 문항 3 · 글 같음 3/3 · 틀림 표시 3/3 · 맞음 3/3 · 1.9초
PASS  d013 — 문항 2 · 글 같음 2/2 · 틀림 표시 2/2 · 맞음 2/2 · 1.8초
PASS  d014 — 문항 3 · 글 같음 3/3 · 틀림 표시 3/3 · 맞음 3/3 · 2초
PASS  d015 — 문항 3 · 글 같음 3/3 · 틀림 표시 3/3 · 맞음 3/3 · 1.9초
PASS  d016 — 문항 3 · 글 같음 3/3 · 틀림 표시 3/3 · 맞음 3/3 · 1.8초
PASS  d017 — 문항 3 · 글 같음 3/3 · 틀림 표시 3/3 · 맞음 3/3 · 1.9초
PASS  d018 — 문항 3 · 글 같음 3/3 · 틀림 표시 3/3 · 맞음 3/3 · 2초
PASS  d019 — 문항 3 · 글 같음 3/3 · 틀림 표시 3/3 · 맞음 3/3 · 2초
PASS  d020 — 문항 3 · 글 같음 3/3 · 틀림 표시 3/3 · 맞음 3/3 · 1.9초
PASS  d021 — 문항 3 · 글 같음 3/3 · 틀림 표시 3/3 · 맞음 3/3 · 2초
PASS  d022 — 문항 3 · 글 같음 3/3 · 틀림 표시 3/3 · 맞음 3/3 · 2초
PASS  d023 — 문항 3 · 글 같음 3/3 · 틀림 표시 3/3 · 맞음 3/3 · 1.9초
PASS  d024 — 문항 3 · 글 같음 3/3 · 틀림 표시 3/3 · 맞음 3/3 · 2초
PASS  d025 — 문항 3 · 글 같음 3/3 · 틀림 표시 3/3 · 맞음 3/3 · 1.9초
PASS  d026 — 문항 3 · 글 같음 3/3 · 틀림 표시 3/3 · 맞음 3/3 · 1.9초
PASS  d027 — 문항 3 · 글 같음 3/3 · 틀림 표시 3/3 · 맞음 3/3 · 2초
PASS  d028 — 문항 3 · 글 같음 3/3 · 틀림 표시 3/3 · 맞음 3/3 · 1.8초
PASS  d029 — 문항 3 · 글 같음 3/3 · 틀림 표시 3/3 · 맞음 3/3 · 2초
PASS  d030 — 문항 3 · 글 같음 3/3 · 틀림 표시 3/3 · 맞음 3/3 · 1.9초
PASS  d031 — 문항 3 · 글 같음 3/3 · 틀림 표시 3/3 · 맞음 3/3 · 2초
PASS  d032 — 문항 2 · 글 같음 2/2 · 틀림 표시 2/2 · 맞음 2/2 · 1.9초
PASS  d033 — 문항 3 · 글 같음 3/3 · 틀림 표시 3/3 · 맞음 3/3 · 2.1초
PASS  d034 — 문항 3 · 글 같음 3/3 · 틀림 표시 3/3 · 맞음 3/3 · 1.9초
PASS  d035 — 문항 3 · 글 같음 3/3 · 틀림 표시 3/3 · 맞음 3/3 · 2초
PASS  d036 — 문항 3 · 글 같음 3/3 · 틀림 표시 3/3 · 맞음 3/3 · 2초
PASS  d037 — 문항 3 · 글 같음 3/3 · 틀림 표시 3/3 · 맞음 3/3 · 1.9초
PASS  d038 — 문항 3 · 글 같음 3/3 · 틀림 표시 3/3 · 맞음 3/3 · 1.9초
PASS  d039 — 문항 3 · 글 같음 3/3 · 틀림 표시 3/3 · 맞음 3/3 · 1.9초
PASS  d040 — 문항 2 · 글 같음 2/2 · 틀림 표시 2/2 · 맞음 2/2 · 1.8초
PASS  d041 — 문항 3 · 글 같음 3/3 · 틀림 표시 3/3 · 맞음 3/3 · 1.9초
PASS  d042 — 문항 3 · 글 같음 3/3 · 틀림 표시 3/3 · 맞음 3/3 · 1.9초
PASS  d043 — 문항 2 · 글 같음 2/2 · 틀림 표시 2/2 · 맞음 2/2 · 2초
PASS  d044 — 문항 2 · 글 같음 2/2 · 틀림 표시 2/2 · 맞음 2/2 · 1.9초
PASS  d045 — 문항 3 · 글 같음 3/3 · 틀림 표시 3/3 · 맞음 3/3 · 1.9초
PASS  d046 — 문항 2 · 글 같음 2/2 · 틀림 표시 2/2 · 맞음 2/2 · 1.9초
PASS  d047 — 문항 2 · 글 같음 2/2 · 틀림 표시 2/2 · 맞음 2/2 · 1.8초
PASS  d048 — 문항 3 · 글 같음 3/3 · 틀림 표시 3/3 · 맞음 3/3 · 2초
PASS  d049 — 문항 2 · 글 같음 2/2 · 틀림 표시 2/2 · 맞음 2/2 · 1.9초
PASS  d050 — 문항 3 · 글 같음 3/3 · 틀림 표시 3/3 · 맞음 3/3 · 2초
PASS  d051 — 문항 3 · 글 같음 3/3 · 틀림 표시 3/3 · 맞음 3/3 · 2초
PASS  d052 — 문항 3 · 글 같음 3/3 · 틀림 표시 3/3 · 맞음 3/3 · 2초
PASS  d053 — 문항 3 · 글 같음 3/3 · 틀림 표시 3/3 · 맞음 3/3 · 1.8초
PASS  d054 — 문항 3 · 글 같음 3/3 · 틀림 표시 3/3 · 맞음 3/3 · 2초
PASS  d055 — 문항 3 · 글 같음 3/3 · 틀림 표시 3/3 · 맞음 3/3 · 1.8초
PASS  d056 — 문항 3 · 글 같음 3/3 · 틀림 표시 3/3 · 맞음 3/3 · 1.9초
PASS  d057 — 문항 3 · 글 같음 3/3 · 틀림 표시 3/3 · 맞음 3/3 · 2초
PASS  d058 — 문항 3 · 글 같음 3/3 · 틀림 표시 3/3 · 맞음 3/3 · 2.1초
PASS  d059 — 문항 3 · 글 같음 3/3 · 틀림 표시 3/3 · 맞음 3/3 · 1.9초
PASS  d060 — 문항 3 · 글 같음 3/3 · 틀림 표시 3/3 · 맞음 3/3 · 2초
PASS  d061 — 문항 3 · 글 같음 3/3 · 틀림 표시 3/3 · 맞음 3/3 · 1.9초
PASS  d062 — 문항 3 · 글 같음 3/3 · 틀림 표시 3/3 · 맞음 3/3 · 2초
PASS  d063 — 문항 3 · 글 같음 3/3 · 틀림 표시 3/3 · 맞음 3/3 · 2초
PASS  d064 — 문항 2 · 글 같음 2/2 · 틀림 표시 2/2 · 맞음 2/2 · 1.8초
PASS  d065 — 문항 2 · 글 같음 2/2 · 틀림 표시 2/2 · 맞음 2/2 · 2초
PASS  d066 — 문항 3 · 글 같음 3/3 · 틀림 표시 3/3 · 맞음 3/3 · 1.9초
PASS  d067 — 문항 3 · 글 같음 3/3 · 틀림 표시 3/3 · 맞음 3/3 · 1.9초
PASS  d068 — 문항 3 · 글 같음 3/3 · 틀림 표시 3/3 · 맞음 3/3 · 2초
PASS  d069 — 문항 3 · 글 같음 3/3 · 틀림 표시 3/3 · 맞음 3/3 · 1.9초
PASS  d070 — 문항 3 · 글 같음 3/3 · 틀림 표시 3/3 · 맞음 3/3 · 1.9초
PASS  d071 — 문항 3 · 글 같음 3/3 · 틀림 표시 3/3 · 맞음 3/3 · 2초
PASS  d072 — 문항 3 · 글 같음 3/3 · 틀림 표시 3/3 · 맞음 3/3 · 2초
PASS  d073 — 문항 3 · 글 같음 3/3 · 틀림 표시 3/3 · 맞음 3/3 · 2초
PASS  d074 — 문항 3 · 글 같음 3/3 · 틀림 표시 3/3 · 맞음 3/3 · 1.9초
PASS  d075 — 문항 2 · 글 같음 2/2 · 틀림 표시 2/2 · 맞음 2/2 · 1.8초
PASS  d076 — 문항 2 · 글 같음 2/2 · 틀림 표시 2/2 · 맞음 2/2 · 1.9초
PASS  d077 — 문항 3 · 글 같음 3/3 · 틀림 표시 3/3 · 맞음 3/3 · 1.9초
PASS  d078 — 문항 3 · 글 같음 3/3 · 틀림 표시 3/3 · 맞음 3/3 · 1.9초
PASS  d079 — 문항 3 · 글 같음 3/3 · 틀림 표시 3/3 · 맞음 3/3 · 2초
PASS  d080 — 문항 2 · 글 같음 2/2 · 틀림 표시 2/2 · 맞음 2/2 · 2초
PASS  d081 — 문항 2 · 글 같음 2/2 · 틀림 표시 2/2 · 맞음 2/2 · 1.8초
PASS  d082 — 문항 3 · 글 같음 3/3 · 틀림 표시 3/3 · 맞음 3/3 · 2초
PASS  d083 — 문항 3 · 글 같음 3/3 · 틀림 표시 3/3 · 맞음 3/3 · 1.9초
PASS  d084 — 문항 3 · 글 같음 3/3 · 틀림 표시 3/3 · 맞음 3/3 · 1.9초
PASS  d085 — 문항 3 · 글 같음 3/3 · 틀림 표시 3/3 · 맞음 3/3 · 2초
PASS  d086 — 문항 3 · 글 같음 3/3 · 틀림 표시 3/3 · 맞음 3/3 · 2초
PASS  d087 — 문항 3 · 글 같음 3/3 · 틀림 표시 3/3 · 맞음 3/3 · 1.9초
PASS  d088 — 문항 3 · 글 같음 3/3 · 틀림 표시 3/3 · 맞음 3/3 · 2초
PASS  d089 — 문항 3 · 글 같음 3/3 · 틀림 표시 3/3 · 맞음 3/3 · 2초
PASS  d090 — 문항 3 · 글 같음 3/3 · 틀림 표시 3/3 · 맞음 3/3 · 2.1초
PASS  d091 — 문항 3 · 글 같음 3/3 · 틀림 표시 3/3 · 맞음 3/3 · 2.1초
PASS  d092 — 문항 3 · 글 같음 3/3 · 틀림 표시 3/3 · 맞음 3/3 · 1.9초
PASS  d093 — 문항 3 · 글 같음 3/3 · 틀림 표시 3/3 · 맞음 3/3 · 1.9초
PASS  d094 — 문항 3 · 글 같음 3/3 · 틀림 표시 3/3 · 맞음 3/3 · 2초
PASS  d095 — 문항 3 · 글 같음 3/3 · 틀림 표시 3/3 · 맞음 3/3 · 2초
PASS  d096 — 문항 3 · 글 같음 3/3 · 틀림 표시 3/3 · 맞음 3/3 · 1.9초
PASS  d097 — 문항 3 · 글 같음 3/3 · 틀림 표시 3/3 · 맞음 3/3 · 1.9초
PASS  d098 — 문항 3 · 글 같음 3/3 · 틀림 표시 3/3 · 맞음 3/3 · 2.1초
PASS  d099 — 문항 2 · 글 같음 2/2 · 틀림 표시 2/2 · 맞음 2/2 · 1.8초
PASS  d100 — 문항 2 · 글 같음 2/2 · 틀림 표시 2/2 · 맞음 2/2 · 1.9초
PASS  d101 — 문항 3 · 글 같음 3/3 · 틀림 표시 3/3 · 맞음 3/3 · 2초
PASS  d102 — 문항 3 · 글 같음 3/3 · 틀림 표시 3/3 · 맞음 3/3 · 1.9초
PASS  d103 — 문항 3 · 글 같음 3/3 · 틀림 표시 3/3 · 맞음 3/3 · 1.9초
PASS  d104 — 문항 3 · 글 같음 3/3 · 틀림 표시 3/3 · 맞음 3/3 · 2초
PASS  d105 — 문항 3 · 글 같음 3/3 · 틀림 표시 3/3 · 맞음 3/3 · 2.1초
PASS  d106 — 문항 3 · 글 같음 3/3 · 틀림 표시 3/3 · 맞음 3/3 · 1.9초
PASS  d107 — 문항 2 · 글 같음 2/2 · 틀림 표시 2/2 · 맞음 2/2 · 2초
PASS  d108 — 문항 3 · 글 같음 3/3 · 틀림 표시 3/3 · 맞음 3/3 · 2.1초
PASS  d109 — 문항 2 · 글 같음 2/2 · 틀림 표시 2/2 · 맞음 2/2 · 1.9초
PASS  d110 — 문항 3 · 글 같음 3/3 · 틀림 표시 3/3 · 맞음 3/3 · 1.9초
PASS  d111 — 문항 3 · 글 같음 3/3 · 틀림 표시 3/3 · 맞음 3/3 · 2.1초
PASS  d112 — 문항 2 · 글 같음 2/2 · 틀림 표시 2/2 · 맞음 2/2 · 1.9초
PASS  d113 — 문항 3 · 글 같음 3/3 · 틀림 표시 3/3 · 맞음 3/3 · 1.9초
PASS  d114 — 문항 3 · 글 같음 3/3 · 틀림 표시 3/3 · 맞음 3/3 · 2초
PASS  d115 — 문항 3 · 글 같음 3/3 · 틀림 표시 3/3 · 맞음 3/3 · 1.9초
PASS  d116 — 문항 3 · 글 같음 3/3 · 틀림 표시 3/3 · 맞음 3/3 · 2초
PASS  d117 — 문항 2 · 글 같음 2/2 · 틀림 표시 2/2 · 맞음 2/2 · 1.9초
PASS  d118 — 문항 3 · 글 같음 3/3 · 틀림 표시 3/3 · 맞음 3/3 · 1.9초
PASS  d119 — 문항 3 · 글 같음 3/3 · 틀림 표시 3/3 · 맞음 3/3 · 2초
PASS  d120 — 문항 3 · 글 같음 3/3 · 틀림 표시 3/3 · 맞음 3/3 · 1.9초
PASS  d121 — 문항 3 · 글 같음 3/3 · 틀림 표시 3/3 · 맞음 3/3 · 2초
PASS  d122 — 문항 3 · 글 같음 3/3 · 틀림 표시 3/3 · 맞음 3/3 · 2.1초
PASS  d123 — 문항 2 · 글 같음 2/2 · 틀림 표시 2/2 · 맞음 2/2 · 1.9초
PASS  d124 — 문항 2 · 글 같음 2/2 · 틀림 표시 2/2 · 맞음 2/2 · 1.9초
PASS  d125 — 문항 3 · 글 같음 3/3 · 틀림 표시 3/3 · 맞음 3/3 · 2초
PASS  d126 — 문항 3 · 글 같음 3/3 · 틀림 표시 3/3 · 맞음 3/3 · 2초
PASS  d127 — 문항 3 · 글 같음 3/3 · 틀림 표시 3/3 · 맞음 3/3 · 1.9초
PASS  d128 — 문항 3 · 글 같음 3/3 · 틀림 표시 3/3 · 맞음 3/3 · 2초
PASS  d129 — 문항 3 · 글 같음 3/3 · 틀림 표시 3/3 · 맞음 3/3 · 1.9초
PASS  d130 — 문항 3 · 글 같음 3/3 · 틀림 표시 3/3 · 맞음 3/3 · 2초
PASS  d131 — 문항 3 · 글 같음 3/3 · 틀림 표시 3/3 · 맞음 3/3 · 2.1초
PASS  d132 — 문항 3 · 글 같음 3/3 · 틀림 표시 3/3 · 맞음 3/3 · 1.9초
PASS  d133 — 문항 3 · 글 같음 3/3 · 틀림 표시 3/3 · 맞음 3/3 · 1.9초
PASS  d134 — 문항 3 · 글 같음 3/3 · 틀림 표시 3/3 · 맞음 3/3 · 2초
PASS  d135 — 문항 3 · 글 같음 3/3 · 틀림 표시 3/3 · 맞음 3/3 · 2초
PASS  d136 — 문항 3 · 글 같음 3/3 · 틀림 표시 3/3 · 맞음 3/3 · 2.1초
PASS  d137 — 문항 3 · 글 같음 3/3 · 틀림 표시 3/3 · 맞음 3/3 · 2초
PASS  d138 — 문항 3 · 글 같음 3/3 · 틀림 표시 3/3 · 맞음 3/3 · 2초
PASS  d139 — 문항 2 · 글 같음 2/2 · 틀림 표시 2/2 · 맞음 2/2 · 1.9초
PASS  d140 — 문항 3 · 글 같음 3/3 · 틀림 표시 3/3 · 맞음 3/3 · 2.1초
PASS  d141 — 문항 3 · 글 같음 3/3 · 틀림 표시 3/3 · 맞음 3/3 · 2초
PASS  d142 — 문항 3 · 글 같음 3/3 · 틀림 표시 3/3 · 맞음 3/3 · 2초
PASS  d143 — 문항 3 · 글 같음 3/3 · 틀림 표시 3/3 · 맞음 3/3 · 2초
PASS  d144 — 문항 3 · 글 같음 3/3 · 틀림 표시 3/3 · 맞음 3/3 · 2초
PASS  d145 — 문항 3 · 글 같음 3/3 · 틀림 표시 3/3 · 맞음 3/3 · 1.9초
PASS  d146 — 문항 3 · 글 같음 3/3 · 틀림 표시 3/3 · 맞음 3/3 · 2초
PASS  d147 — 문항 3 · 글 같음 3/3 · 틀림 표시 3/3 · 맞음 3/3 · 1.9초
PASS  d148 — 문항 3 · 글 같음 3/3 · 틀림 표시 3/3 · 맞음 3/3 · 1.9초
PASS  d149 — 문항 2 · 글 같음 2/2 · 틀림 표시 2/2 · 맞음 2/2 · 1.9초
PASS  d150 — 문항 2 · 글 같음 2/2 · 틀림 표시 2/2 · 맞음 2/2 · 1.8초
PASS  d151 — 문항 2 · 글 같음 2/2 · 틀림 표시 2/2 · 맞음 2/2 · 1.9초
PASS  d152 — 문항 2 · 글 같음 2/2 · 틀림 표시 2/2 · 맞음 2/2 · 1.9초
PASS  d153 — 문항 3 · 글 같음 3/3 · 틀림 표시 3/3 · 맞음 3/3 · 1.8초
PASS  d154 — 문항 3 · 글 같음 3/3 · 틀림 표시 3/3 · 맞음 3/3 · 2.1초
PASS  d155 — 문항 3 · 글 같음 3/3 · 틀림 표시 3/3 · 맞음 3/3 · 2.1초
PASS  d156 — 문항 3 · 글 같음 3/3 · 틀림 표시 3/3 · 맞음 3/3 · 1.9초
PASS  d157 — 문항 3 · 글 같음 3/3 · 틀림 표시 3/3 · 맞음 3/3 · 2초
PASS  d158 — 문항 3 · 글 같음 3/3 · 틀림 표시 3/3 · 맞음 3/3 · 2초
PASS  d159 — 문항 3 · 글 같음 3/3 · 틀림 표시 3/3 · 맞음 3/3 · 2초
PASS  d160 — 문항 3 · 글 같음 3/3 · 틀림 표시 3/3 · 맞음 3/3 · 2초
PASS  d161 — 문항 3 · 글 같음 3/3 · 틀림 표시 3/3 · 맞음 3/3 · 2초
PASS  d162 — 문항 3 · 글 같음 3/3 · 틀림 표시 3/3 · 맞음 3/3 · 2초
PASS  d163 — 문항 3 · 글 같음 3/3 · 틀림 표시 3/3 · 맞음 3/3 · 2초
PASS  d164 — 문항 2 · 글 같음 2/2 · 틀림 표시 2/2 · 맞음 2/2 · 1.9초
PASS  d165 — 문항 2 · 글 같음 2/2 · 틀림 표시 2/2 · 맞음 2/2 · 1.9초
PASS  d166 — 문항 3 · 글 같음 3/3 · 틀림 표시 3/3 · 맞음 3/3 · 2초
PASS  d167 — 문항 3 · 글 같음 3/3 · 틀림 표시 3/3 · 맞음 3/3 · 1.9초
PASS  d168 — 문항 2 · 글 같음 2/2 · 틀림 표시 2/2 · 맞음 2/2 · 1.8초
PASS  d169 — 문항 3 · 글 같음 3/3 · 틀림 표시 3/3 · 맞음 3/3 · 1.9초
PASS  d170 — 문항 2 · 글 같음 2/2 · 틀림 표시 2/2 · 맞음 2/2 · 2초
PASS  d171 — 문항 3 · 글 같음 3/3 · 틀림 표시 3/3 · 맞음 3/3 · 1.9초
PASS  d172 — 문항 3 · 글 같음 3/3 · 틀림 표시 3/3 · 맞음 3/3 · 1.9초
PASS  d173 — 문항 3 · 글 같음 3/3 · 틀림 표시 3/3 · 맞음 3/3 · 2초
PASS  d174 — 문항 3 · 글 같음 3/3 · 틀림 표시 3/3 · 맞음 3/3 · 2초
PASS  d175 — 문항 3 · 글 같음 3/3 · 틀림 표시 3/3 · 맞음 3/3 · 1.9초
PASS  d176 — 문항 3 · 글 같음 3/3 · 틀림 표시 3/3 · 맞음 3/3 · 1.9초
PASS  d177 — 문항 3 · 글 같음 3/3 · 틀림 표시 3/3 · 맞음 3/3 · 1.9초
PASS  d178 — 문항 3 · 글 같음 3/3 · 틀림 표시 3/3 · 맞음 3/3 · 2초
PASS  d179 — 문항 3 · 글 같음 3/3 · 틀림 표시 3/3 · 맞음 3/3 · 2초
PASS  d180 — 문항 3 · 글 같음 3/3 · 틀림 표시 3/3 · 맞음 3/3 · 2초
PASS  d181 — 문항 3 · 글 같음 3/3 · 틀림 표시 3/3 · 맞음 3/3 · 2초
PASS  d182 — 문항 3 · 글 같음 3/3 · 틀림 표시 3/3 · 맞음 3/3 · 1.9초
PASS  d183 — 문항 3 · 글 같음 3/3 · 틀림 표시 3/3 · 맞음 3/3 · 2초
PASS  d184 — 문항 3 · 글 같음 3/3 · 틀림 표시 3/3 · 맞음 3/3 · 1.9초
PASS  d185 — 문항 3 · 글 같음 3/3 · 틀림 표시 3/3 · 맞음 3/3 · 1.9초
PASS  d186 — 문항 3 · 글 같음 3/3 · 틀림 표시 3/3 · 맞음 3/3 · 1.8초
PASS  d187 — 문항 3 · 글 같음 3/3 · 틀림 표시 3/3 · 맞음 3/3 · 1.9초
PASS  d188 — 문항 3 · 글 같음 3/3 · 틀림 표시 3/3 · 맞음 3/3 · 2초
PASS  d189 — 문항 3 · 글 같음 3/3 · 틀림 표시 3/3 · 맞음 3/3 · 1.9초
PASS  d190 — 문항 3 · 글 같음 3/3 · 틀림 표시 3/3 · 맞음 3/3 · 2.1초
PASS  d191 — 문항 3 · 글 같음 3/3 · 틀림 표시 3/3 · 맞음 3/3 · 2초
PASS  d192 — 문항 3 · 글 같음 3/3 · 틀림 표시 3/3 · 맞음 3/3 · 1.9초
PASS  d193 — 문항 3 · 글 같음 3/3 · 틀림 표시 3/3 · 맞음 3/3 · 2초
PASS  d194 — 문항 2 · 글 같음 2/2 · 틀림 표시 2/2 · 맞음 2/2 · 1.8초
PASS  d195 — 문항 3 · 글 같음 3/3 · 틀림 표시 3/3 · 맞음 3/3 · 1.9초
PASS  d196 — 문항 2 · 글 같음 2/2 · 틀림 표시 2/2 · 맞음 2/2 · 1.9초
PASS  d197 — 문항 3 · 글 같음 3/3 · 틀림 표시 3/3 · 맞음 3/3 · 2초
PASS  d198 — 문항 3 · 글 같음 3/3 · 틀림 표시 3/3 · 맞음 3/3 · 1.9초
PASS  d199 — 문항 3 · 글 같음 3/3 · 틀림 표시 3/3 · 맞음 3/3 · 1.9초
PASS  d200 — 문항 3 · 글 같음 3/3 · 틀림 표시 3/3 · 맞음 3/3 · 2초
PASS  d201 — 문항 3 · 글 같음 3/3 · 틀림 표시 3/3 · 맞음 3/3 · 1.9초
PASS  d202 — 문항 3 · 글 같음 3/3 · 틀림 표시 3/3 · 맞음 3/3 · 1.9초
PASS  d203 — 문항 3 · 글 같음 3/3 · 틀림 표시 3/3 · 맞음 3/3 · 1.9초
PASS  d204 — 문항 3 · 글 같음 3/3 · 틀림 표시 3/3 · 맞음 3/3 · 2초
PASS  d205 — 문항 2 · 글 같음 2/2 · 틀림 표시 2/2 · 맞음 2/2 · 1.8초
PASS  d206 — 문항 3 · 글 같음 3/3 · 틀림 표시 3/3 · 맞음 3/3 · 2초
PASS  d207 — 문항 3 · 글 같음 3/3 · 틀림 표시 3/3 · 맞음 3/3 · 2초
PASS  d208 — 문항 2 · 글 같음 2/2 · 틀림 표시 2/2 · 맞음 2/2 · 1.8초
PASS  d209 — 문항 2 · 글 같음 2/2 · 틀림 표시 2/2 · 맞음 2/2 · 2초
PASS  d210 — 문항 2 · 글 같음 2/2 · 틀림 표시 2/2 · 맞음 2/2 · 1.9초
PASS  d211 — 문항 2 · 글 같음 2/2 · 틀림 표시 2/2 · 맞음 2/2 · 2초
PASS  d212 — 문항 3 · 글 같음 3/3 · 틀림 표시 3/3 · 맞음 3/3 · 2초
PASS  d213 — 문항 3 · 글 같음 3/3 · 틀림 표시 3/3 · 맞음 3/3 · 1.8초
PASS  d214 — 문항 2 · 글 같음 2/2 · 틀림 표시 2/2 · 맞음 2/2 · 1.8초
PASS  d215 — 문항 3 · 글 같음 3/3 · 틀림 표시 3/3 · 맞음 3/3 · 1.9초
PASS  d216 — 문항 3 · 글 같음 3/3 · 틀림 표시 3/3 · 맞음 3/3 · 2초
PASS  d217 — 문항 2 · 글 같음 2/2 · 틀림 표시 2/2 · 맞음 2/2 · 1.9초
PASS  d218 — 문항 2 · 글 같음 2/2 · 틀림 표시 2/2 · 맞음 2/2 · 1.8초
PASS  d219 — 문항 3 · 글 같음 3/3 · 틀림 표시 3/3 · 맞음 3/3 · 2초
PASS  d220 — 문항 3 · 글 같음 3/3 · 틀림 표시 3/3 · 맞음 3/3 · 1.9초
PASS  d221 — 문항 2 · 글 같음 2/2 · 틀림 표시 2/2 · 맞음 2/2 · 2초
PASS  d222 — 문항 2 · 글 같음 2/2 · 틀림 표시 2/2 · 맞음 2/2 · 1.9초
PASS  d223 — 문항 2 · 글 같음 2/2 · 틀림 표시 2/2 · 맞음 2/2 · 1.9초
PASS  d224 — 문항 2 · 글 같음 2/2 · 틀림 표시 2/2 · 맞음 2/2 · 1.9초
PASS  d225 — 문항 3 · 글 같음 3/3 · 틀림 표시 3/3 · 맞음 3/3 · 1.9초
PASS  d226 — 문항 2 · 글 같음 2/2 · 틀림 표시 2/2 · 맞음 2/2 · 2초
PASS  d227 — 문항 3 · 글 같음 3/3 · 틀림 표시 3/3 · 맞음 3/3 · 2초
PASS  d228 — 문항 2 · 글 같음 2/2 · 틀림 표시 2/2 · 맞음 2/2 · 1.9초
PASS  d229 — 문항 3 · 글 같음 3/3 · 틀림 표시 3/3 · 맞음 3/3 · 1.9초
PASS  d230 — 문항 2 · 글 같음 2/2 · 틀림 표시 2/2 · 맞음 2/2 · 1.9초
PASS  d231 — 문항 3 · 글 같음 3/3 · 틀림 표시 3/3 · 맞음 3/3 · 1.9초
PASS  d232 — 문항 3 · 글 같음 3/3 · 틀림 표시 3/3 · 맞음 3/3 · 2.1초
PASS  d233 — 문항 3 · 글 같음 3/3 · 틀림 표시 3/3 · 맞음 3/3 · 2.1초
PASS  d234 — 문항 2 · 글 같음 2/2 · 틀림 표시 2/2 · 맞음 2/2 · 1.7초
PASS  d235 — 문항 3 · 글 같음 3/3 · 틀림 표시 3/3 · 맞음 3/3 · 1.9초
PASS  d236 — 문항 2 · 글 같음 2/2 · 틀림 표시 2/2 · 맞음 2/2 · 2초
PASS  d237 — 문항 2 · 글 같음 2/2 · 틀림 표시 2/2 · 맞음 2/2 · 2초
PASS  d238 — 문항 2 · 글 같음 2/2 · 틀림 표시 2/2 · 맞음 2/2 · 1.8초
PASS  d239 — 문항 3 · 글 같음 3/3 · 틀림 표시 3/3 · 맞음 3/3 · 1.9초
PASS  d240 — 문항 2 · 글 같음 2/2 · 틀림 표시 2/2 · 맞음 2/2 · 1.9초
PASS  d241 — 문항 3 · 글 같음 3/3 · 틀림 표시 3/3 · 맞음 3/3 · 1.9초
PASS  d242 — 문항 2 · 글 같음 2/2 · 틀림 표시 2/2 · 맞음 2/2 · 2.1초
PASS  d243 — 문항 3 · 글 같음 3/3 · 틀림 표시 3/3 · 맞음 3/3 · 1.9초
PASS  d244 — 문항 3 · 글 같음 3/3 · 틀림 표시 3/3 · 맞음 3/3 · 2초
PASS  d245 — 문항 2 · 글 같음 2/2 · 틀림 표시 2/2 · 맞음 2/2 · 2초
PASS  d246 — 문항 3 · 글 같음 3/3 · 틀림 표시 3/3 · 맞음 3/3 · 1.9초
PASS  d247 — 문항 3 · 글 같음 3/3 · 틀림 표시 3/3 · 맞음 3/3 · 1.9초
PASS  d248 — 문항 3 · 글 같음 3/3 · 틀림 표시 3/3 · 맞음 3/3 · 2.1초
PASS  d249 — 문항 3 · 글 같음 3/3 · 틀림 표시 3/3 · 맞음 3/3 · 2초
PASS  d250 — 문항 2 · 글 같음 2/2 · 틀림 표시 2/2 · 맞음 2/2 · 1.9초
PASS  d251 — 문항 2 · 글 같음 2/2 · 틀림 표시 2/2 · 맞음 2/2 · 2초
PASS  d252 — 문항 2 · 글 같음 2/2 · 틀림 표시 2/2 · 맞음 2/2 · 1.9초
PASS  d253 — 문항 2 · 글 같음 2/2 · 틀림 표시 2/2 · 맞음 2/2 · 2.1초
PASS  d254 — 문항 3 · 글 같음 3/3 · 틀림 표시 3/3 · 맞음 3/3 · 2초
PASS  d255 — 문항 3 · 글 같음 3/3 · 틀림 표시 3/3 · 맞음 3/3 · 2초
PASS  d256 — 문항 2 · 글 같음 2/2 · 틀림 표시 2/2 · 맞음 2/2 · 1.8초
PASS  d257 — 문항 2 · 글 같음 2/2 · 틀림 표시 2/2 · 맞음 2/2 · 2초
PASS  d258 — 문항 3 · 글 같음 3/3 · 틀림 표시 3/3 · 맞음 3/3 · 1.9초
PASS  d259 — 문항 2 · 글 같음 2/2 · 틀림 표시 2/2 · 맞음 2/2 · 2초
PASS  d260 — 문항 2 · 글 같음 2/2 · 틀림 표시 2/2 · 맞음 2/2 · 1.9초
PASS  d261 — 문항 2 · 글 같음 2/2 · 틀림 표시 2/2 · 맞음 2/2 · 2초
PASS  d262 — 문항 2 · 글 같음 2/2 · 틀림 표시 2/2 · 맞음 2/2 · 1.9초
PASS  d263 — 문항 2 · 글 같음 2/2 · 틀림 표시 2/2 · 맞음 2/2 · 1.8초
PASS  d264 — 문항 2 · 글 같음 2/2 · 틀림 표시 2/2 · 맞음 2/2 · 2초
PASS  d265 — 문항 2 · 글 같음 2/2 · 틀림 표시 2/2 · 맞음 2/2 · 1.9초
PASS  d266 — 문항 3 · 글 같음 3/3 · 틀림 표시 3/3 · 맞음 3/3 · 2초
PASS  d267 — 문항 3 · 글 같음 3/3 · 틀림 표시 3/3 · 맞음 3/3 · 2.1초
PASS  d268 — 문항 3 · 글 같음 3/3 · 틀림 표시 3/3 · 맞음 3/3 · 1.9초
PASS  d269 — 문항 3 · 글 같음 3/3 · 틀림 표시 3/3 · 맞음 3/3 · 1.9초
PASS  d270 — 문항 2 · 글 같음 2/2 · 틀림 표시 2/2 · 맞음 2/2 · 1.9초
PASS  d271 — 문항 2 · 글 같음 2/2 · 틀림 표시 2/2 · 맞음 2/2 · 1.9초
PASS  d272 — 문항 2 · 글 같음 2/2 · 틀림 표시 2/2 · 맞음 2/2 · 1.9초
PASS  d273 — 문항 3 · 글 같음 3/3 · 틀림 표시 3/3 · 맞음 3/3 · 1.9초
PASS  d274 — 문항 3 · 글 같음 3/3 · 틀림 표시 3/3 · 맞음 3/3 · 1.9초
PASS  d275 — 문항 3 · 글 같음 3/3 · 틀림 표시 3/3 · 맞음 3/3 · 1.9초
PASS  d276 — 문항 3 · 글 같음 3/3 · 틀림 표시 3/3 · 맞음 3/3 · 1.9초

강의 276/276 · 문항 756 · 맞음 756/756 · 틀림 표시 756/756 · 글 같음 756/756 · 이용권 없이 잠김 274/274 · 강의당 1.9초
FAIL 강의 0 · 앱이 부른 API {"/api/license/verify":276,"/api/progress/student":276,"/api/progress/adult":276} · 4xx/5xx 0 · 예외 0
exit 0
