[01:14:25] server 3230 up: 200 47654 B
[01:14:27] server 3231 up: 200 47654 B
[01:14:27] waiting for the audio recheck / other audit browsers to finish
[01:29:33] other audit browsers/drivers: 0
[01:29:33] measure old round 1
4g-phone /student             TTFB 42 · FCP 2532 · LCP 2532 (SPAN Chapter 1. 자기소개 (Self-introduc) · CLS 0 · TBT 359 · load 3486 · 16 req · 203 KB (JS 170) · LCP from request 2548
4g-phone /student/s1-1        TTFB 36 · FCP 3012 · LCP 3012 (H2 Chapter 1. Self-introduction () · CLS 0 · TBT 357 · load 3635 · 25 req · 278 KB (JS 246) · LCP from request 3027
4g-phone /phonics/mv1-01      TTFB 51 · FCP 2016 · LCP 2652 (H2 4단계 어휘 마스터리 — 소리 · 인출 · 발음 · 반) · CLS 0 · TBT 607 · load 3262 · 25 req · 280 KB (JS 246) · LCP from request 2669
4g-phone /grammar1/gh1-006    TTFB 44 · FCP 2944 · LCP 3056 (DIV Grammar 1 : 기초 영작 및 문법 훈련총 42개) · CLS 0 · TBT 747 · load 4553 · 25 req · 282 KB (JS 246) · LCP from request 3074
4g-phone /grammar2/gh2-007    TTFB 34 · FCP 1792 · LCP 2976 (DIV Grammar 2 : 문법 패턴 & 구문 직독직해총 1) · CLS 0 · TBT 608 · load 3934 · 25 req · 282 KB (JS 246) · LCP from request 2994
4g-phone /ld/d001             TTFB 26 · FCP 2632 · LCP 2632 (P 블라인드 청취 ➔ 스마트 탭-딕테이션 ➔ 연음 분해 클) · CLS 0 · TBT 520 · load 3811 · 25 req · 280 KB (JS 246) · LCP from request 2645
4g-phone /reading/pr001       TTFB 37 · FCP 1808 · LCP 3272 (H2 한국어 번역을 멈추고 영어 어순대로 눈을 빠르게 굴려 ) · CLS 0 · TBT 473 · load 3975 · 25 req · 281 KB (JS 246) · LCP from request 3287
[01:34:16] measure new round 1
4g-phone /student             TTFB 37 · FCP 2396 · LCP 2396 (SPAN Chapter 1. 자기소개 (Self-introduc) · CLS 0 · TBT 382 · load 3104 · 16 req · 211 KB (JS 177) · LCP from request 2414
4g-phone /student/s1-1        TTFB 29 · FCP 2592 · LCP 2592 (H2 Chapter 1. Self-introduction () · CLS 0 · TBT 373 · load 3145 · 25 req · 280 KB (JS 247) · LCP from request 2606
4g-phone /phonics/mv1-01      TTFB 41 · FCP 1744 · LCP 2612 (H2 4단계 어휘 마스터리 — 소리 · 인출 · 발음 · 반) · CLS 0 · TBT 410 · load 3132 · 25 req · 282 KB (JS 247) · LCP from request 2624
4g-phone /grammar1/gh1-006    TTFB 36 · FCP 2904 · LCP 2952 (DIV Grammar 1 : 기초 영작 및 문법 훈련총 42개) · CLS 0 · TBT 608 · load 4313 · 25 req · 285 KB (JS 247) · LCP from request 2965
4g-phone /grammar2/gh2-007    TTFB 32 · FCP 1716 · LCP 2984 (DIV Grammar 2 : 문법 패턴 & 구문 직독직해총 1) · CLS 0 · TBT 533 · load 4053 · 25 req · 284 KB (JS 247) · LCP from request 2998
4g-phone /ld/d001             TTFB 28 · FCP 2224 · LCP 2432 (P 블라인드 청취 ➔ 스마트 탭-딕테이션 ➔ 연음 분해 클) · CLS 0 · TBT 475 · load 3064 · 25 req · 282 KB (JS 247) · LCP from request 2446
4g-phone /reading/pr001       TTFB 26 · FCP 3052 · LCP 3052 (H2 한국어 번역을 멈추고 영어 어순대로 눈을 빠르게 굴려 ) · CLS 0 · TBT 431 · load 3667 · 25 req · 283 KB (JS 247) · LCP from request 3064
[01:38:51] measure old round 2
4g-phone /student             TTFB 30 · FCP 2408 · LCP 2408 (SPAN Chapter 1. 자기소개 (Self-introduc) · CLS 0 · TBT 392 · load 2988 · 16 req · 203 KB (JS 170) · LCP from request 2426
4g-phone /student/s1-1        TTFB 28 · FCP 2608 · LCP 2608 (H2 Chapter 1. Self-introduction () · CLS 0 · TBT 338 · load 3080 · 25 req · 278 KB (JS 246) · LCP from request 2622
4g-phone /phonics/mv1-01      TTFB 37 · FCP 2504 · LCP 2504 (H2 4단계 어휘 마스터리 — 소리 · 인출 · 발음 · 반) · CLS 0 · TBT 563 · load 3340 · 25 req · 280 KB (JS 246) · LCP from request 2516
4g-phone /grammar1/gh1-006    TTFB 32 · FCP 1904 · LCP 2436 (DIV Grammar 1 : 기초 영작 및 문법 훈련총 42개) · CLS 0 · TBT 570 · load 4044 · 25 req · 282 KB (JS 246) · LCP from request 2448
4g-phone /grammar2/gh2-007    TTFB 27 · FCP 2216 · LCP 2992 (DIV Grammar 2 : 문법 패턴 & 구문 직독직해총 1) · CLS 0 · TBT 505 · load 3974 · 25 req · 282 KB (JS 246) · LCP from request 3006
4g-phone /ld/d001             TTFB 27 · FCP 2296 · LCP 2404 (P 블라인드 청취 ➔ 스마트 탭-딕테이션 ➔ 연음 분해 클) · CLS 0 · TBT 361 · load 3193 · 25 req · 280 KB (JS 246) · LCP from request 2417
4g-phone /reading/pr001       TTFB 22 · FCP 1676 · LCP 3372 (H2 한국어 번역을 멈추고 영어 어순대로 눈을 빠르게 굴려 ) · CLS 0 · TBT 328 · load 3458 · 25 req · 281 KB (JS 246) · LCP from request 3385
[01:43:24] measure new round 2
4g-phone /student             TTFB 30 · FCP 2348 · LCP 2348 (SPAN Chapter 1. 자기소개 (Self-introduc) · CLS 0 · TBT 423 · load 2984 · 16 req · 211 KB (JS 177) · LCP from request 2365
4g-phone /student/s1-1        TTFB 29 · FCP 2640 · LCP 2640 (H2 Chapter 1. Self-introduction () · CLS 0 · TBT 387 · load 3131 · 25 req · 280 KB (JS 247) · LCP from request 2657
4g-phone /phonics/mv1-01      TTFB 32 · FCP 1780 · LCP 2468 (H2 4단계 어휘 마스터리 — 소리 · 인출 · 발음 · 반) · CLS 0 · TBT 424 · load 2656 · 25 req · 282 KB (JS 247) · LCP from request 2483
4g-phone /grammar1/gh1-006    TTFB 34 · FCP 2476 · LCP 2620 (DIV Grammar 1 : 기초 영작 및 문법 훈련총 42개) · CLS 0 · TBT 700 · load 4266 · 25 req · 285 KB (JS 247) · LCP from request 2634
4g-phone /grammar2/gh2-007    TTFB 30 · FCP 1800 · LCP 2884 (DIV Grammar 2 : 문법 패턴 & 구문 직독직해총 1) · CLS 0 · TBT 486 · load 3565 · 25 req · 284 KB (JS 247) · LCP from request 2897
4g-phone /ld/d001             TTFB 28 · FCP 2964 · LCP 2964 (P 블라인드 청취 ➔ 스마트 탭-딕테이션 ➔ 연음 분해 클) · CLS 0 · TBT 358 · load 3456 · 25 req · 282 KB (JS 247) · LCP from request 2978
4g-phone /reading/pr001       TTFB 24 · FCP 2048 · LCP 3292 (H2 한국어 번역을 멈추고 영어 어순대로 눈을 빠르게 굴려 ) · CLS 0 · TBT 433 · load 3434 · 25 req · 283 KB (JS 247) · LCP from request 3304
[01:47:58] measure production anonymous (same pages)
4g-phone /student             TTFB 15 · FCP 2328 · LCP 2328 (SPAN Chapter 1. 자기소개 (Self-introduc) · CLS 0 · TBT 399 · load 3421 · 16 req · 214 KB (JS 183) · LCP from request 2341
4g-phone /student/s1-1        TTFB 17 · FCP 2876 · LCP 2876 (H2 Chapter 1. Self-introduction () · CLS 0 · TBT 412 · load 3473 · 25 req · 290 KB (JS 259) · LCP from request 2887
4g-phone /phonics/mv1-01      TTFB 16 · FCP 2056 · LCP 2308 (H2 4단계 어휘 마스터리 — 소리 · 인출 · 발음 · 반) · CLS 0 · TBT 424 · load 2774 · 25 req · 291 KB (JS 259) · LCP from request 2321
4g-phone /grammar1/gh1-006    TTFB 16 · FCP 2520 · LCP 2696 (DIV Grammar 1 : 기초 영작 및 문법 훈련총 42개) · CLS 0 · TBT 676 · load 3895 · 25 req · 293 KB (JS 259) · LCP from request 2710
4g-phone /grammar2/gh2-007    TTFB 16 · FCP 2480 · LCP 2896 (DIV Grammar 2 : 문법 패턴 & 구문 직독직해총 1) · CLS 0 · TBT 479 · load 3701 · 25 req · 293 KB (JS 259) · LCP from request 2909
4g-phone /ld/d001             TTFB 16 · FCP 2688 · LCP 2688 (P 블라인드 청취 ➔ 스마트 탭-딕테이션 ➔ 연음 분해 클) · CLS 0 · TBT 423 · load 3405 · 25 req · 291 KB (JS 259) · LCP from request 2702
4g-phone /reading/pr001       TTFB 16 · FCP 3332 · LCP 3496 (H2 한국어 번역을 멈추고 영어 어순대로 눈을 빠르게 굴려 ) · CLS 0 · TBT 540 · load 4023 · 25 req · 292 KB (JS 259) · LCP from request 3511
[01:52:35] servers stopped
[01:52:35] old vs new round 1
/reading/pr001         3272→3052   1808→3052   473→431   281→283   246→247   25→25   37→26
강의 쪽(목록 · 홈 뺌) 6쪽 중앙값 — LCP 2994→2782 · FCP 2324→2408 · TBT 563.5→453 · KB 280.5→282.5 · JS KB 246→247 · 요청 25→25 · TTFB 36.5→30.5
전체 7쪽 중앙값 — LCP 2976→2612 · FCP 2532→2396 · TBT 520→431 · KB 280→282 · JS KB 246→247 · 요청 25→25 · TTFB 37→32
[01:52:35] old vs new round 2
/reading/pr001         3372→3292   1676→2048   328→433   281→283   246→247   25→25   22→24
강의 쪽(목록 · 홈 뺌) 6쪽 중앙값 — LCP 2556→2762 · FCP 2256→2262 · TBT 433→428.5 · KB 280.5→282.5 · JS KB 246→247 · 요청 25→25 · TTFB 27.5→29.5
전체 7쪽 중앙값 — LCP 2504→2640 · FCP 2296→2348 · TBT 392→424 · KB 280→282 · JS KB 246→247 · 요청 25→25 · TTFB 28→30
[01:52:35] production anonymous vs production licensed (same pages)
쪽                      LCP A→B FCP A→B TBT A→B KB A→B JS A→B 요청 A→B TTFB A→B
/student               2328→2448   2328→2448   399→616   214→215   183→183   16→17   15→16
/student/s1-1          2876→3140   2876→3140   412→743   290→292   259→259   25→27   17→17
/phonics/mv1-01        2308→2564   2056→2564   424→685   291→292   259→259   25→26   16→17
/grammar1/gh1-006      2696→3100   2520→2788   676→862   293→294   259→259   25→26   16→18
/grammar2/gh2-007      2896→2980   2480→2948   479→796   293→294   259→259   25→26   16→16
/ld/d001               2688→2496   2688→2304   423→666   291→292   259→259   25→26   16→16
/reading/pr001         3496→3200   3332→3200   540→697   292→293   259→259   25→26   16→19
강의 쪽(목록 · 홈 뺌) 6쪽 중앙값 — LCP 2786→3040 · FCP 2604→2868 · TBT 451.5→720 · KB 291.5→292.5 · JS KB 259→259 · 요청 25→26 · TTFB 16→17
전체 7쪽 중앙값 — LCP 2696→2980 · FCP 2520→2788 · TBT 424→697 · KB 291→292 · JS KB 259→259 · 요청 25→26 · TTFB 16→17
[01:52:35] done
