free memory 1.47 GB
FAIL    desktop · 강의 /passoff-grammar/pg01-1 · 새로고침(이 기기 저장소를 비운 새 쪽) 뒤 끝 칸 — {"btn":{"label":"학습 완료 체크","disabled":true,"text":"이 강의 학습 완료"},"status":null,"text":"이 강의 학습 완료 5단계를 모두 마치면 완료할 수 있어요. 다음 강의 2인칭 →"} · 쪽을 연 뒤 저장소 키 ["kig:passoff:answer:id-<가림>"] · navigated true
PASS    desktop · 강의 pg01-1(새로고침) · 4xx/5xx · 콘솔 오류 · 예외 · 넘침 · 오류 화면 — 4xx/5xx 0 · 콘솔 0 · 예외 0 · 넘침 false · 오류 화면 false
PASS    desktop · 강의 pg01-1(새로고침) · 로마자 한국어 낱말 · 'Busan(부산)' 꼴 · 가짜 낱말(whens 등) — 로마자 0 · 가짜 낱말 0
INFO    desktop · 목록 /passoff-grammar · 완료 뒤: 진행률 줄 · pg01-1 줄 · 오늘 복습 · 오답노트 입구 — {"progressLine":"학습 진도율: 1 / 67개 완료 (1%","row":"1인칭완료","rowDone":true,"doneRows":["pg01-1","pg12-1","pg12-2","pg16-2"],"review":{"kind":"none","text":"오늘 복습 없음"},"notes":null,"head":"← 처음 화면 PASS-OFF GRAMMAR 67개 강의 · 20구간 패스오프 문법. GRAMMAR I·II 가 문장을 되풀이해 영작하는 훈련이라면, 여기서는 강의마다 예문 → 문법 설명 → 형태 찾기 → 영작
INFO    desktop · GET /api/progress/passoff-grammar · 완료 뒤: 서버 진도(읽기만) — {"status":200,"completed":["pg01-1"],"completedAt":[1791126015547],"keys":["version","lessons","unlockedThrough","everyTopicOpen","requiredRatio","mapRefillRequired","updatedAt","topics"],"everyTopicOpen":true,"mapRefillRequired":true,"topic1":{"lessonIds":["pg01-1","pg01-2","pg01-3"],"completedCoun
INFO    desktop · 기기 학습 기록(서버에서 받은 사본) · 완료 뒤: 학습 기록 요약(읽기만) — [{"which":"licence","lessons":{"pg01-1":"2026-10-04"},"items":22,"byLesson":{"pg01-1":22},"dueDays":{"2026-10-05":22},"wrongNow":0,"withLapses":0,"reports":0,"log":28,"logBy":{"lesson:lesson":28},"lastStudyDay":"2026-10-04"}]
INFO    desktop · 목록 /passoff-grammar · 완료 뒤: 쪽이 스스로 보낸 /api 요청(상태만) — POST /api/license/verify 200 · GET /api/progress/student 200 · GET /api/progress/adult 200 · POST /api/learning/passoff-grammar 200 · GET /api/progress/passoff-grammar 200 · GET /api/progress/passoff-grammar 200
PASS    desktop · 목록 /passoff-grammar · 4xx/5xx · 콘솔 오류 · 예외 · 넘침 · 오류 화면 — 4xx/5xx 0 · 콘솔 0 · 예외 0 · 넘침 false · 오류 화면 false
PASS    desktop · 목록 /passoff-grammar · 로마자 한국어 낱말 · 'Busan(부산)' 꼴 · 가짜 낱말(whens 등) — 로마자 0 · 가짜 낱말 0
INFO    desktop · 구성도 /passoff-grammar/map?topic=1 · 완료 뒤: 구성도 화면(읽기만) — {"text":"← PASS-OFF GRAMMAR 목록 구성도 다시 채우기 구성도 다시 채우기는 대주제의 강의를 마친 뒤 할 수 있어요. 강의 3개 이상 마치기 (지금 1/3) 마지막 강의 ‘3인칭’ 마치기 과정 목록으로","fractions":["1/3"],"buttons":["← PASS-OFF GRAMMAR 목록","과정 목록으로"]}
PASS    desktop · 구성도 · 4xx/5xx · 콘솔 오류 · 예외 · 넘침 · 오류 화면 — 4xx/5xx 0 · 콘솔 0 · 예외 0 · 넘침 false · 오류 화면 false
PASS    desktop · 구성도 · 로마자 한국어 낱말 · 'Busan(부산)' 꼴 · 가짜 낱말(whens 등) — 로마자 0 · 가짜 낱말 0
INFO    desktop · 오늘 복습 /passoff-grammar/review · 열기 — 항목이 있는지 — {"step":"done","item":null,"mode":null,"text":"← PASS-OFF GRAMMAR 목록 오늘 복습 오늘 복습 없음 통과한 문장 0개 내일 올 문항 22개 과정 목록으로","buttons":["← PASS-OFF GRAMMAR 목록","과정 목록으로"]}
PASS    desktop · 오늘 복습 · 4xx/5xx · 콘솔 오류 · 예외 · 넘침 · 오류 화면 — 4xx/5xx 0 · 콘솔 0 · 예외 0 · 넘침 false · 오류 화면 false
PASS    desktop · 오늘 복습 · 로마자 한국어 낱말 · 'Busan(부산)' 꼴 · 가짜 낱말(whens 등) — 로마자 0 · 가짜 낱말 0
INFO    desktop · 오답노트 /passoff-grammar/review?notes=1 · 열기 — 틀린 문항 · '지금 다시 풀기' — {"step":"list","lessons":[],"again":false,"text":"← PASS-OFF GRAMMAR 목록 오답노트 틀린 문항이 없어요 복습에서 틀리거나 도움을 받아 맞힌 문항이 강의별로 여기에 모여요. 과정 목록으로"}
PASS    desktop · 오답노트 · 4xx/5xx · 콘솔 오류 · 예외 · 넘침 · 오류 화면 — 4xx/5xx 0 · 콘솔 0 · 예외 0 · 넘침 false · 오류 화면 false
PASS    desktop · 오답노트 · 로마자 한국어 낱말 · 'Busan(부산)' 꼴 · 가짜 낱말(whens 등) — 로마자 0 · 가짜 낱말 0
FAIL    mobile · 강의 /passoff-grammar/pg01-1 · 새로고침(이 기기 저장소를 비운 새 쪽) 뒤 끝 칸 — {"btn":{"label":"학습 완료 체크","disabled":true,"text":"이 강의 학습 완료"},"status":null,"text":"이 강의 학습 완료 5단계를 모두 마치면 완료할 수 있어요. 다음 강의 2인칭 →"} · 쪽을 연 뒤 저장소 키 ["kig:passoff:answer:id-<가림>"] · navigated true
PASS    mobile · 강의 pg01-1(새로고침) · 4xx/5xx · 콘솔 오류 · 예외 · 넘침 · 오류 화면 — 4xx/5xx 0 · 콘솔 0 · 예외 0 · 넘침 false · 오류 화면 false
PASS    mobile · 강의 pg01-1(새로고침) · 로마자 한국어 낱말 · 'Busan(부산)' 꼴 · 가짜 낱말(whens 등) — 로마자 0 · 가짜 낱말 0
INFO    mobile · 목록 /passoff-grammar · 완료 뒤: 진행률 줄 · pg01-1 줄 · 오늘 복습 · 오답노트 입구 — {"progressLine":"학습 진도율: 1 / 67개 완료 (1%","row":"1인칭완료","rowDone":true,"doneRows":["pg01-1","pg12-1","pg12-2","pg16-2"],"review":{"kind":"none","text":"오늘 복습 없음"},"notes":null,"head":"← 처음 화면 PASS-OFF GRAMMAR 67개 강의 · 20구간 패스오프 문법. GRAMMAR I·II 가 문장을 되풀이해 영작하는 훈련이라면, 여기서는 강의마다 예문 → 문법 설명 → 형태 찾기 → 영작
INFO    mobile · GET /api/progress/passoff-grammar · 완료 뒤: 서버 진도(읽기만) — {"status":200,"completed":["pg01-1"],"completedAt":[1791126015547],"keys":["version","lessons","unlockedThrough","everyTopicOpen","requiredRatio","mapRefillRequired","updatedAt","topics"],"everyTopicOpen":true,"mapRefillRequired":true,"topic1":{"lessonIds":["pg01-1","pg01-2","pg01-3"],"completedCoun
INFO    mobile · 기기 학습 기록(서버에서 받은 사본) · 완료 뒤: 학습 기록 요약(읽기만) — [{"which":"licence","lessons":{"pg01-1":"2026-10-04"},"items":22,"byLesson":{"pg01-1":22},"dueDays":{"2026-10-05":22},"wrongNow":0,"withLapses":0,"reports":0,"log":28,"logBy":{"lesson:lesson":28},"lastStudyDay":"2026-10-04"}]
INFO    mobile · 목록 /passoff-grammar · 완료 뒤: 쪽이 스스로 보낸 /api 요청(상태만) — POST /api/license/verify 200 · GET /api/progress/student 200 · GET /api/progress/adult 200 · GET /api/progress/passoff-grammar 200 · POST /api/learning/passoff-grammar 200 · GET /api/progress/passoff-grammar 200
PASS    mobile · 목록 /passoff-grammar · 4xx/5xx · 콘솔 오류 · 예외 · 넘침 · 오류 화면 — 4xx/5xx 0 · 콘솔 0 · 예외 0 · 넘침 false · 오류 화면 false
PASS    mobile · 목록 /passoff-grammar · 로마자 한국어 낱말 · 'Busan(부산)' 꼴 · 가짜 낱말(whens 등) — 로마자 0 · 가짜 낱말 0
INFO    mobile · 구성도 /passoff-grammar/map?topic=1 · 완료 뒤: 구성도 화면(읽기만) — {"text":"← PASS-OFF GRAMMAR 목록 구성도 다시 채우기 구성도 다시 채우기는 대주제의 강의를 마친 뒤 할 수 있어요. 강의 3개 이상 마치기 (지금 1/3) 마지막 강의 ‘3인칭’ 마치기 과정 목록으로","fractions":["1/3"],"buttons":["← PASS-OFF GRAMMAR 목록","과정 목록으로"]}
PASS    mobile · 구성도 · 4xx/5xx · 콘솔 오류 · 예외 · 넘침 · 오류 화면 — 4xx/5xx 0 · 콘솔 0 · 예외 0 · 넘침 false · 오류 화면 false
PASS    mobile · 구성도 · 로마자 한국어 낱말 · 'Busan(부산)' 꼴 · 가짜 낱말(whens 등) — 로마자 0 · 가짜 낱말 0
INFO    mobile · 오늘 복습 /passoff-grammar/review · 열기 — 항목이 있는지 — {"step":"done","item":null,"mode":null,"text":"← PASS-OFF GRAMMAR 목록 오늘 복습 오늘 복습 없음 통과한 문장 0개 내일 올 문항 22개 과정 목록으로","buttons":["← PASS-OFF GRAMMAR 목록","과정 목록으로"]}
PASS    mobile · 오늘 복습 · 4xx/5xx · 콘솔 오류 · 예외 · 넘침 · 오류 화면 — 4xx/5xx 0 · 콘솔 0 · 예외 0 · 넘침 false · 오류 화면 false
PASS    mobile · 오늘 복습 · 로마자 한국어 낱말 · 'Busan(부산)' 꼴 · 가짜 낱말(whens 등) — 로마자 0 · 가짜 낱말 0
INFO    mobile · 오답노트 /passoff-grammar/review?notes=1 · 열기 — 틀린 문항 · '지금 다시 풀기' — {"step":"list","lessons":[],"again":false,"text":"← PASS-OFF GRAMMAR 목록 오답노트 틀린 문항이 없어요 복습에서 틀리거나 도움을 받아 맞힌 문항이 강의별로 여기에 모여요. 과정 목록으로"}
PASS    mobile · 오답노트 · 4xx/5xx · 콘솔 오류 · 예외 · 넘침 · 오류 화면 — 4xx/5xx 0 · 콘솔 0 · 예외 0 · 넘침 false · 오류 화면 false
PASS    mobile · 오답노트 · 로마자 한국어 낱말 · 'Busan(부산)' 꼴 · 가짜 낱말(whens 등) — 로마자 0 · 가짜 낱말 0
끝: {"FAIL":2,"PASS":20,"INFO":14}
